---
source: crates/products/wt/client/tests/new_tui.rs
expression: contents
---





         ┌Create world────────────────────────────────────────────────────────────────────┐
         │ › Context         ‹ local ›                                                    │
         │   World name      <suggested-name>                                              │
         │   Virtual CPUs    2 (default)                                                  │
         │   RAM (MiB)       4096 (default)                                               │
         │   Disk (GiB)      32 (default)                                                 │
         │                                                                                │
         │ Git author  Test User <test@example.test>                                      │
         │ SSH keys    1 discovered                                                       │
         │                                                                                │
         │                                                                                │
         │                                                                                │
         │                                                                                │
         │                                                                                │
         │                                                                                │
         │                                                                                │
         │                                                                                │
         │                                                                                │
         │ ↑/↓ or Tab/Shift-Tab focus · ←/→ select · Enter continue · Esc cancel          │
         └────────────────────────────────────────────────────────────────────────────────┘
