---
source: crates/products/wt/client/tests/new_tui.rs
expression: screen.contents()
---
                                                                                                    
                                                                                                    
                                                                                                    
                                                                                                    
                                                                                                    
         ┌Create development world────────────────────────────────────────────────────────┐         
         │ Review                                                                         │         
         │ World       repo-feature                                                       │         
         │ Context     local                                                              │         
         │ Kind        development                                                        │         
         │ Repository  git@example.test:repo.git                                          │         
         │ Base branch main                                                               │         
         │ Resources   2 CPU · 4096 MiB RAM · 32 GiB disk                                 │         
         │ Git author  Test User <test@example.test>                                      │         
         │ SSH keys    1                                                                  │         
         │             SHA256:oyLU2qjxZ20GhiIRwJd3BdUmJSXopuEpeZCy+0CfAK8                 │         
         │                                                                                │         
         │                                                                                │         
         │                                                                                │         
         │                                                                                │         
         │                                                                                │         
         │                                                                                │         
         │                                                                                │         
         │                       Enter create · b edit · Esc cancel                       │         
         └────────────────────────────────────────────────────────────────────────────────┘
