---
source: crates/products/wt/client/src/tests.rs
expression: help
---
Read one versioned JSON API request from standard input

Usage: api

Options:
  -h, --help
          Print help (see a summary with '-h')

CANONICAL TYPESCRIPT CONTRACT:

import type { NumberFormat, StringFormat } from "@beff/client";

export type Uuid = StringFormat<"Uuid">;
export type Int64 = NumberFormat<"Int64">;
export type UInt16 = NumberFormat<"UInt16">;
export type UInt32 = NumberFormat<"UInt32">;
export type UInt64 = NumberFormat<"UInt64">;

export type ExecWorldRequest = {
  api_version: 1;
  request_id: Uuid;
  expected_server_id?: Uuid;
  context: string;
  operation: "exec_world";
  world_id: Uuid;
  executable: string;
  args: string[];
  stdin: string;
};

export type ExecWorldResult = {
  stdout: string;
  stderr: string;
  exit_status: Int64;
};

export type ListContextsRequest = {
  api_version: 1;
  request_id: Uuid;
  operation: "list_contexts";
};

export type ListWorldsRequest = {
  api_version: 1;
  request_id: Uuid;
  expected_server_id?: Uuid;
  context: string;
  operation: "list_worlds";
};

export type CreateWorldRequest = {
  api_version: 1;
  request_id: Uuid;
  expected_server_id?: Uuid;
  context: string;
  operation: "create_world";
  name: string;
  vcpus: UInt32;
  memory_mib: UInt64;
  disk_gib: UInt64;
  git_user_name: string;
  git_user_email: string;
};

export type DeleteWorldRequest = {
  api_version: 1;
  request_id: Uuid;
  expected_server_id?: Uuid;
  context: string;
  operation: "delete_world";
  world_id: Uuid;
};

export type Request =
  | ExecWorldRequest
  | ListContextsRequest
  | ListWorldsRequest
  | CreateWorldRequest
  | DeleteWorldRequest;

export type SshAccess = {
  user: string;
  host: string;
  port: UInt16;
  host_keys: string[];
};

export type World = {
  world_id: Uuid;
  name: string;
  status: "provisioning" | "running" | "stopped" | "destroying" | "error";
  vcpus: UInt32;
  memory_mib: UInt64;
  disk_gib: UInt64;
  guest_ip?: string;
  last_error?: string;
  ssh?: SshAccess;
};

export type CreateWorldResult = { world: World };
export type ListContextsResult = { contexts: string[] };
export type ListWorldsResult = { worlds: World[] };
export type DeleteWorldResult = { world_id: Uuid };

export type Result =
  | ExecWorldResult
  | ListContextsResult
  | ListWorldsResult
  | CreateWorldResult
  | DeleteWorldResult;

export type CapacityDetails = {
  kind: "capacity";
  resource: "cpu" | "memory" | "disk";
  total: UInt64;
  reserved: UInt64;
  requested: UInt64;
};

export type Error = {
  code: string;
  message: string;
  retryable: boolean;
  details?: CapacityDetails;
};

export type SuccessResponse = {
  api_version: 1;
  request_id: Uuid;
  server_id?: Uuid;
  expires_at_unix_ms?: Int64;
  outcome: "ok";
  result: Result;
};

export type ErrorResponse = {
  api_version: 1;
  request_id?: Uuid;
  server_id?: Uuid;
  expires_at_unix_ms?: Int64;
  outcome: "error";
  error: Error;
};

export type Response = SuccessResponse | ErrorResponse;
