---
source: crates/products/agent-tools/tools/src/api/tests.rs
expression: typescript_command_type()
---
export type U64 = number;
export type ChangeRequestState = ("ready" | "draft" | "open" | "closed");
export type ReviewThreadHandle = string;
export type WtToolsCommand = (({
    "action": "show_mr";
} & {
    "mr": string;
}) | ({
    "action": "show_mr_for_branch";
} & {
    "branch": string;
}) | ({
    "action": "show_run";
} & {
    "run": string;
}) | ({
    "action": "show_job";
} & {
    "job": string;
}) | ({
    "action": "list_threads";
} & {
    "mr": string;
}) | ({
    "action": "list_ci";
} & {
    "commit": string;
}) | ({
    "action": "list_jobs";
} & {
    "run": string;
}) | ({
    "action": "log_job";
} & {
    "job": string;
}) | ({
    "action": "wait_mr";
} & {
    "mr": string;
    "timeout_seconds"?: (U64 | null);
}) | ({
    "action": "wait_run";
} & {
    "run": string;
    "timeout_seconds"?: (U64 | null);
}) | ({
    "action": "wait_job";
} & {
    "job": string;
    "timeout_seconds"?: (U64 | null);
}) | ({
    "action": "open_mr";
} & {
    "head": string;
    "base": string;
    "draft"?: boolean;
}) | ({
    "action": "set_mr";
} & {
    "mr": string;
    "state": ChangeRequestState;
}) | ({
    "action": "edit_mr";
} & {
    "mr": string;
    "title"?: (string | null);
    "body"?: (string | null);
}) | ({
    "action": "comment_mr";
} & {
    "mr": string;
    "body": string;
}) | ({
    "action": "reply_thread";
} & {
    "mr": string;
    "thread": ReviewThreadHandle;
    "body": string;
}) | ({
    "action": "set_thread";
} & {
    "mr": string;
    "thread": ReviewThreadHandle;
    "resolved": boolean;
}) | ({
    "action": "retry_job";
} & {
    "job": string;
}) | ({
    "action": "cancel_job";
} & {
    "job": string;
}) | ({
    "action": "cancel_run";
} & {
    "run": string;
}) | ({
    "action": "report_wt_tool_bug";
} & {
    "description": string;
}) | ({
    "action": "report_wt_tool_issue";
} & {
    "description": string;
}) | ({
    "action": "suggest_wt_tool_improvement";
} & {
    "description": string;
}) | ({
    "action": "request_wt_tool_feature";
} & {
    "description": string;
}));
