---
source: crates/products/agent-tools/tools/src/api/tests.rs
expression: TYPESCRIPT_COMMAND_TYPE
---
/** State transition accepted by the set_mr command. */
export type ChangeRequestState = "ready" | "draft" | "open" | "closed";

/** One JSON command accepted by wt-tools. Provider resource IDs are strings. */
export type WtToolsCommand =
  | { action: "show_mr"; mr: string }
  | { action: "show_mr_for_branch"; branch: string }
  | { action: "show_run"; run: string }
  | { action: "show_job"; job: string }
  | { action: "list_threads"; mr: string }
  | { action: "list_ci"; commit: string }
  | { action: "list_jobs"; run: string }
  | { action: "log_job"; job: string }
  | { action: "wait_mr"; mr: string; timeout_seconds?: number }
  | { action: "wait_run"; run: string; timeout_seconds?: number }
  | { action: "wait_job"; job: string; timeout_seconds?: number }
  | { action: "open_mr"; head: string; base: string; draft?: boolean }
  | { action: "set_mr"; mr: string; state: ChangeRequestState }
  | { action: "edit_mr"; mr: string; title?: string; body?: string }
  | { action: "comment_mr"; mr: string; body: string }
  | { action: "reply_thread"; mr: string; thread: string; body: string }
  | { action: "set_thread"; mr: string; thread: string; resolved: boolean }
  | { action: "retry_job"; job: string }
  | { action: "cancel_job"; job: string }
  | { action: "cancel_run"; run: string }
  | { action: "report_wt_tool_bug"; description: string }
  | { action: "report_wt_tool_issue"; description: string }
  | { action: "suggest_wt_tool_improvement"; description: string }
  | { action: "request_wt_tool_feature"; description: string };
