---
source: crates/wt-agent-git/tests/hints.rs
expression: "stderr(run_hint(temp.path(), \"checkout\"))"
---
WT: This is a WT-managed development environment for a coding agent.
WT: For safety, the developer's SSH keys and GitHub or GitLab credentials are
WT: not available here. Do not look for credentials or use gh or glab.
WT: WT gives you scoped access to project group/project.
WT: Use normal Git for commits, fetches, pulls, and pushes. Every branch you
WT: push must start with df1/. Pull or merge requests target main.
WT: ag-git is the installed CLI for pull or merge requests, reviews, and CI.
WT: Run ag-git for the current branch's status and suggested next actions.
WT: Run ag-git --help to discover every available command.
WT:
WT: This world can only push branches that start with df1/.
WT: Rename the current branch before pushing:
WT:   git branch -m df1/fix-name
