---
source: crates/products/wt/client/src/shell/render_tests.rs
expression: terminal.backend().buffer()
---
Buffer {
    area: Rect { x: 0, y: 0, width: 64, height: 16 },
    content: [
        "    │┌Codex sessions · Updating…───────────────────────────────┐",
        "▌ 󰚩 ││                 Loading Codex sessions…                 │",
        "    ││                                                         │",
        "    ││        ┌Command Palette────────────────────────┐        │",
        "   ││        │> █                                    │        │",
        "    ││        │───────────────────────────────────────│        │",
        "    ││        │ World: New                           │        │",
        "  󰆍 ││        │  World: Delete...                     │        │",
        "    ││        │                                       │        │",
        "    ││        │                                       │        │",
        "    ││        │↑/↓ select · Enter run · Esc close     │        │",
        "    ││        └───────────────────────────────────────┘        │",
        "    ││                                                         │",
        "    ││                                                         │",
        "    │└─────────────────────────────────────────────────────────┘",
        "    │[ arrows or wheel: select ] [ Enter/click: open ] [ Tab: ac",
    ],
    styles: [
        x: 0, y: 0, fg: Reset, bg: Reset, underline: Reset, modifier: NONE,
        x: 15, y: 5, fg: Reset, bg: Reset, underline: Reset, modifier: DIM,
        x: 54, y: 5, fg: Reset, bg: Reset, underline: Reset, modifier: NONE,
        x: 15, y: 6, fg: Reset, bg: Reset, underline: Reset, modifier: REVERSED,
        x: 54, y: 6, fg: Reset, bg: Reset, underline: Reset, modifier: NONE,
        x: 15, y: 10, fg: Reset, bg: Reset, underline: Reset, modifier: DIM,
        x: 54, y: 10, fg: Reset, bg: Reset, underline: Reset, modifier: NONE,
        x: 5, y: 15, fg: Reset, bg: Reset, underline: Reset, modifier: DIM,
    ]
}
