---
source: crates/products/wt/client/src/shell/render_extra_tests.rs
expression: terminal.backend().buffer()
---
Buffer {
    area: Rect { x: 0, y: 0, width: 160, height: 12 },
    content: [
        "    │                                                                  No live Codex sessions                                                                   ",
        "  󰚩 │                                                        Start Codex in a world to see its pane here                                                        ",
        "    │                                                                                                                                                           ",
        "    │                                                                                                                                                           ",
        "   │                                                                                                                                                           ",
        "    │                                                                                                                                                           ",
        "    │                                                                                                                                                           ",
        "▌ 󰆍 │                                                                                                                                                           ",
        "    │                                                                                                                                                           ",
        "    │                                                                                                                                                           ",
        "    │                                                                                                                                                           ",
        "    │Live sessions · Experimental                                                                        CPU 6/16 · RAM 10G/32G · Disk 68G/256G[ Help (2 / F2) ]",
    ],
    styles: [
        x: 0, y: 0, fg: Reset, bg: Reset, underline: Reset, modifier: NONE,
        x: 5, y: 11, fg: Reset, bg: Reset, underline: Reset, modifier: DIM,
        x: 143, y: 11, fg: Reset, bg: Reset, underline: Reset, modifier: BOLD,
    ]
}
