---
source: crates/products/wt/client/src/shell/render_tests.rs
expression: terminal.backend().buffer()
---
Buffer {
    area: Rect { x: 0, y: 0, width: 80, height: 18 },
    content: [
        "    │┌Codex sessions · Last updated 2026-08-22T19:25:06Z · Sync failed: context┐",
        "▌ 󰚩 ││┌ 󰈙 SAVED SESSION · 0s ago ────────┐                                     │",
        "    │││Keep this session visible while   │                                     │",
        "    │││sync is unavailable               │                                     │",
        "   │││                                  │                                     │",
        "    │││ars · session 00000000            │                                     │",
        "    │││Saved in Codex history, but not op│                                     │",
        "  󰆍 │││Unavailable: session is not open i│                                     │",
        "    ││└──────────────────────────────────┘                                     │",
        "    ││                                                                         │",
        "    ││                                                                         │",
        "    ││                                                                         │",
        "    ││                                                                         │",
        "    ││                                                                         │",
        "    ││                                                                         │",
        "    ││                                                                         │",
        "    │└─────────────────────────────────────────────────────────────────────────┘",
        "    │[ arrows or wheel: select ] [ Enter/click: open ] [ Tab: activity ] [ F5: w",
    ],
    styles: [
        x: 0, y: 0, fg: Reset, bg: Reset, underline: Reset, modifier: NONE,
        x: 6, y: 1, fg: Yellow, bg: Reset, underline: Reset, modifier: NONE,
        x: 7, y: 1, fg: Reset, bg: Reset, underline: Reset, modifier: BOLD,
        x: 33, y: 1, fg: Yellow, bg: Reset, underline: Reset, modifier: NONE,
        x: 42, y: 1, fg: Reset, bg: Reset, underline: Reset, modifier: NONE,
        x: 6, y: 2, fg: Yellow, bg: Reset, underline: Reset, modifier: NONE,
        x: 7, y: 2, fg: Reset, bg: Reset, underline: Reset, modifier: NONE,
        x: 41, y: 2, fg: Yellow, bg: Reset, underline: Reset, modifier: NONE,
        x: 42, y: 2, fg: Reset, bg: Reset, underline: Reset, modifier: NONE,
        x: 6, y: 3, fg: Yellow, bg: Reset, underline: Reset, modifier: NONE,
        x: 7, y: 3, fg: Reset, bg: Reset, underline: Reset, modifier: NONE,
        x: 41, y: 3, fg: Yellow, bg: Reset, underline: Reset, modifier: NONE,
        x: 42, y: 3, fg: Reset, bg: Reset, underline: Reset, modifier: NONE,
        x: 6, y: 4, fg: Yellow, bg: Reset, underline: Reset, modifier: NONE,
        x: 7, y: 4, fg: Reset, bg: Reset, underline: Reset, modifier: NONE,
        x: 41, y: 4, fg: Yellow, bg: Reset, underline: Reset, modifier: NONE,
        x: 42, y: 4, fg: Reset, bg: Reset, underline: Reset, modifier: NONE,
        x: 6, y: 5, fg: Yellow, bg: Reset, underline: Reset, modifier: NONE,
        x: 7, y: 5, fg: Reset, bg: Reset, underline: Reset, modifier: NONE,
        x: 41, y: 5, fg: Yellow, bg: Reset, underline: Reset, modifier: NONE,
        x: 42, y: 5, fg: Reset, bg: Reset, underline: Reset, modifier: NONE,
        x: 6, y: 6, fg: Yellow, bg: Reset, underline: Reset, modifier: NONE,
        x: 7, y: 6, fg: Reset, bg: Reset, underline: Reset, modifier: NONE,
        x: 41, y: 6, fg: Yellow, bg: Reset, underline: Reset, modifier: NONE,
        x: 42, y: 6, fg: Reset, bg: Reset, underline: Reset, modifier: NONE,
        x: 6, y: 7, fg: Yellow, bg: Reset, underline: Reset, modifier: NONE,
        x: 7, y: 7, fg: Reset, bg: Reset, underline: Reset, modifier: DIM,
        x: 41, y: 7, fg: Yellow, bg: Reset, underline: Reset, modifier: NONE,
        x: 42, y: 7, fg: Reset, bg: Reset, underline: Reset, modifier: NONE,
        x: 6, y: 8, fg: Yellow, bg: Reset, underline: Reset, modifier: NONE,
        x: 42, y: 8, fg: Reset, bg: Reset, underline: Reset, modifier: NONE,
        x: 5, y: 17, fg: Reset, bg: Reset, underline: Reset, modifier: DIM,
    ]
}
