---
source: crates/products/wt/client/src/shell/delete.rs
expression: terminal.backend().buffer()
---
Buffer {
    area: Rect { x: 0, y: 0, width: 80, height: 24 },
    content: [
        "                                                                                ",
        "                                                                                ",
        "                                                                                ",
        "                                                                                ",
        "                                                                                ",
        "                                                                                ",
        "            ┌ Delete world? ───────────────────────────────────────┐            ",
        "            │ Delete world "local.alpha"?                          │            ",
        "            │                                                      │            ",
        "            │ This cannot be undone.                               │            ",
        "            │                                                      │            ",
        "            │                                                      │            ",
        "            │         [ Cancel ]             [ Delete world ]      │            ",
        "            │                                                      │            ",
        "            │                                                      │            ",
        "            │     Arrows: select · Enter: choose · Esc: cancel     │            ",
        "            └──────────────────────────────────────────────────────┘            ",
        "                                                                                ",
        "                                                                                ",
        "                                                                                ",
        "                                                                                ",
        "                                                                                ",
        "                                                                                ",
        "                                                                                ",
    ],
    styles: [
        x: 0, y: 0, fg: Reset, bg: Reset, underline: Reset, modifier: NONE,
        x: 12, y: 6, fg: DarkGray, bg: Reset, underline: Reset, modifier: NONE,
        x: 68, y: 6, fg: Reset, bg: Reset, underline: Reset, modifier: NONE,
        x: 12, y: 7, fg: DarkGray, bg: Reset, underline: Reset, modifier: NONE,
        x: 13, y: 7, fg: Reset, bg: Reset, underline: Reset, modifier: NONE,
        x: 67, y: 7, fg: DarkGray, bg: Reset, underline: Reset, modifier: NONE,
        x: 68, y: 7, fg: Reset, bg: Reset, underline: Reset, modifier: NONE,
        x: 12, y: 8, fg: DarkGray, bg: Reset, underline: Reset, modifier: NONE,
        x: 13, y: 8, fg: Reset, bg: Reset, underline: Reset, modifier: NONE,
        x: 67, y: 8, fg: DarkGray, bg: Reset, underline: Reset, modifier: NONE,
        x: 68, y: 8, fg: Reset, bg: Reset, underline: Reset, modifier: NONE,
        x: 12, y: 9, fg: DarkGray, bg: Reset, underline: Reset, modifier: NONE,
        x: 13, y: 9, fg: Reset, bg: Reset, underline: Reset, modifier: NONE,
        x: 67, y: 9, fg: DarkGray, bg: Reset, underline: Reset, modifier: NONE,
        x: 68, y: 9, fg: Reset, bg: Reset, underline: Reset, modifier: NONE,
        x: 12, y: 10, fg: DarkGray, bg: Reset, underline: Reset, modifier: NONE,
        x: 13, y: 10, fg: Reset, bg: Reset, underline: Reset, modifier: NONE,
        x: 67, y: 10, fg: DarkGray, bg: Reset, underline: Reset, modifier: NONE,
        x: 68, y: 10, fg: Reset, bg: Reset, underline: Reset, modifier: NONE,
        x: 12, y: 11, fg: DarkGray, bg: Reset, underline: Reset, modifier: NONE,
        x: 13, y: 11, fg: Reset, bg: Reset, underline: Reset, modifier: NONE,
        x: 67, y: 11, fg: DarkGray, bg: Reset, underline: Reset, modifier: NONE,
        x: 68, y: 11, fg: Reset, bg: Reset, underline: Reset, modifier: NONE,
        x: 12, y: 12, fg: DarkGray, bg: Reset, underline: Reset, modifier: NONE,
        x: 13, y: 12, fg: Reset, bg: Reset, underline: Reset, modifier: NONE,
        x: 14, y: 12, fg: White, bg: DarkGray, underline: Reset, modifier: NONE,
        x: 40, y: 12, fg: White, bg: Reset, underline: Reset, modifier: NONE,
        x: 66, y: 12, fg: Reset, bg: Reset, underline: Reset, modifier: NONE,
        x: 67, y: 12, fg: DarkGray, bg: Reset, underline: Reset, modifier: NONE,
        x: 68, y: 12, fg: Reset, bg: Reset, underline: Reset, modifier: NONE,
        x: 12, y: 13, fg: DarkGray, bg: Reset, underline: Reset, modifier: NONE,
        x: 13, y: 13, fg: Reset, bg: Reset, underline: Reset, modifier: NONE,
        x: 67, y: 13, fg: DarkGray, bg: Reset, underline: Reset, modifier: NONE,
        x: 68, y: 13, fg: Reset, bg: Reset, underline: Reset, modifier: NONE,
        x: 12, y: 14, fg: DarkGray, bg: Reset, underline: Reset, modifier: NONE,
        x: 13, y: 14, fg: Reset, bg: Reset, underline: Reset, modifier: NONE,
        x: 67, y: 14, fg: DarkGray, bg: Reset, underline: Reset, modifier: NONE,
        x: 68, y: 14, fg: Reset, bg: Reset, underline: Reset, modifier: NONE,
        x: 12, y: 15, fg: DarkGray, bg: Reset, underline: Reset, modifier: NONE,
        x: 13, y: 15, fg: Reset, bg: Reset, underline: Reset, modifier: NONE,
        x: 14, y: 15, fg: DarkGray, bg: Reset, underline: Reset, modifier: NONE,
        x: 66, y: 15, fg: Reset, bg: Reset, underline: Reset, modifier: NONE,
        x: 67, y: 15, fg: DarkGray, bg: Reset, underline: Reset, modifier: NONE,
        x: 68, y: 15, fg: Reset, bg: Reset, underline: Reset, modifier: NONE,
        x: 12, y: 16, fg: DarkGray, bg: Reset, underline: Reset, modifier: NONE,
        x: 68, y: 16, fg: Reset, bg: Reset, underline: Reset, modifier: NONE,
    ]
}
