---
source: crates/products/wt/client/src/shell/delete.rs
expression: terminal.backend().buffer()
---
Buffer {
    area: Rect { x: 0, y: 0, width: 80, height: 24 },
    content: [
        "                                                                                ",
        "                                                                                ",
        "                                                                                ",
        "                                                                                ",
        "            ┌ Delete world ────────────────────────────────────────┐            ",
        "            │ > █                                                  │            ",
        "            │ ──────────────────────────────────────────────────── │            ",
        "            │  local.alpha                                        │            ",
        "            │   lab.topic                                          │            ",
        "            │                                                      │            ",
        "            │                                                      │            ",
        "            │                                                      │            ",
        "            │                                                      │            ",
        "            │                                                      │            ",
        "            │                                                      │            ",
        "            │                                                      │            ",
        "            │                                                      │            ",
        "            │                                                      │            ",
        "            │                                                      │            ",
        "            │                                                      │            ",
        "            │ ↑/↓ select · Enter choose · Esc close                │            ",
        "            └──────────────────────────────────────────────────────┘            ",
        "                                                                                ",
        "                                                                                ",
    ],
    styles: [
        x: 0, y: 0, fg: Reset, bg: Reset, underline: Reset, modifier: NONE,
        x: 14, y: 6, fg: Reset, bg: Reset, underline: Reset, modifier: DIM,
        x: 66, y: 6, fg: Reset, bg: Reset, underline: Reset, modifier: NONE,
        x: 14, y: 7, fg: Reset, bg: Reset, underline: Reset, modifier: REVERSED,
        x: 66, y: 7, fg: Reset, bg: Reset, underline: Reset, modifier: NONE,
        x: 14, y: 20, fg: Reset, bg: Reset, underline: Reset, modifier: DIM,
        x: 66, y: 20, fg: Reset, bg: Reset, underline: Reset, modifier: NONE,
    ]
}
