---
source: crates/products/wt/client/src/shell/render.rs
assertion_line: 507
expression: terminal.backend().buffer()
---
Buffer {
    area: Rect { x: 0, y: 0, width: 64, height: 16 },
    content: [
        "    │┌Codex sessions · Updating…───────────────────────────────┐",
        "▌ 󰚩 ││                 Loading Codex sessions…                 │",
        "    ││                                                         │",
        "    ││        ┌Command Palette────────────────────────┐        │",
        "   ││        │> █                                    │        │",
        "    ││        │───────────────────────────────────────│        │",
        "    ││        │ World: New host                      │        │",
        "    ││        │  World: New dev                       │        │",
        "    ││        │                                       │        │",
        "    ││        │                                       │        │",
        "    ││        │↑/↓ select · Enter run · Esc close     │        │",
        "    ││        └───────────────────────────────────────┘        │",
        "    ││                                                         │",
        "    ││                                                         │",
        "    │└─────────────────────────────────────────────────────────┘",
        "    │[ Commands (1 / F1) ] [ Activities (Tab) ] [ World (F5) ]  ",
    ],
    styles: [
        x: 0, y: 0, fg: Reset, bg: Black, underline: Reset, modifier: NONE,
        x: 4, y: 0, fg: DarkGray, bg: Black, underline: Reset, modifier: NONE,
        x: 5, y: 0, fg: Reset, bg: Black, underline: Reset, modifier: NONE,
        x: 4, y: 1, fg: DarkGray, bg: Black, underline: Reset, modifier: NONE,
        x: 5, y: 1, fg: Reset, bg: Black, underline: Reset, modifier: NONE,
        x: 4, y: 2, fg: DarkGray, bg: Black, underline: Reset, modifier: NONE,
        x: 5, y: 2, fg: Reset, bg: Black, underline: Reset, modifier: NONE,
        x: 4, y: 3, fg: DarkGray, bg: Black, underline: Reset, modifier: NONE,
        x: 5, y: 3, fg: Reset, bg: Black, underline: Reset, modifier: NONE,
        x: 14, y: 3, fg: Reset, bg: Reset, underline: Reset, modifier: NONE,
        x: 55, y: 3, fg: Reset, bg: Black, underline: Reset, modifier: NONE,
        x: 4, y: 4, fg: DarkGray, bg: Black, underline: Reset, modifier: NONE,
        x: 5, y: 4, fg: Reset, bg: Black, underline: Reset, modifier: NONE,
        x: 14, y: 4, fg: Reset, bg: Reset, underline: Reset, modifier: NONE,
        x: 55, y: 4, fg: Reset, bg: Black, underline: Reset, modifier: NONE,
        x: 4, y: 5, fg: DarkGray, bg: Black, underline: Reset, modifier: NONE,
        x: 5, y: 5, fg: Reset, bg: Black, underline: Reset, modifier: NONE,
        x: 14, y: 5, fg: Reset, bg: Reset, underline: Reset, modifier: NONE,
        x: 15, y: 5, fg: DarkGray, bg: Reset, underline: Reset, modifier: NONE,
        x: 54, y: 5, fg: Reset, bg: Reset, underline: Reset, modifier: NONE,
        x: 55, y: 5, fg: Reset, bg: Black, underline: Reset, modifier: NONE,
        x: 4, y: 6, fg: DarkGray, bg: Black, underline: Reset, modifier: NONE,
        x: 5, y: 6, fg: Reset, bg: Black, underline: Reset, modifier: NONE,
        x: 14, y: 6, fg: Reset, bg: Reset, underline: Reset, modifier: NONE,
        x: 15, y: 6, fg: Reset, bg: DarkGray, underline: Reset, modifier: NONE,
        x: 54, y: 6, fg: Reset, bg: Reset, underline: Reset, modifier: NONE,
        x: 55, y: 6, fg: Reset, bg: Black, underline: Reset, modifier: NONE,
        x: 4, y: 7, fg: DarkGray, bg: Black, underline: Reset, modifier: NONE,
        x: 5, y: 7, fg: Reset, bg: Black, underline: Reset, modifier: NONE,
        x: 14, y: 7, fg: Reset, bg: Reset, underline: Reset, modifier: NONE,
        x: 55, y: 7, fg: Reset, bg: Black, underline: Reset, modifier: NONE,
        x: 4, y: 8, fg: DarkGray, bg: Black, underline: Reset, modifier: NONE,
        x: 5, y: 8, fg: Reset, bg: Black, underline: Reset, modifier: NONE,
        x: 14, y: 8, fg: Reset, bg: Reset, underline: Reset, modifier: NONE,
        x: 55, y: 8, fg: Reset, bg: Black, underline: Reset, modifier: NONE,
        x: 4, y: 9, fg: DarkGray, bg: Black, underline: Reset, modifier: NONE,
        x: 5, y: 9, fg: Reset, bg: Black, underline: Reset, modifier: NONE,
        x: 14, y: 9, fg: Reset, bg: Reset, underline: Reset, modifier: NONE,
        x: 55, y: 9, fg: Reset, bg: Black, underline: Reset, modifier: NONE,
        x: 4, y: 10, fg: DarkGray, bg: Black, underline: Reset, modifier: NONE,
        x: 5, y: 10, fg: Reset, bg: Black, underline: Reset, modifier: NONE,
        x: 14, y: 10, fg: Reset, bg: Reset, underline: Reset, modifier: NONE,
        x: 15, y: 10, fg: DarkGray, bg: Reset, underline: Reset, modifier: NONE,
        x: 54, y: 10, fg: Reset, bg: Reset, underline: Reset, modifier: NONE,
        x: 55, y: 10, fg: Reset, bg: Black, underline: Reset, modifier: NONE,
        x: 4, y: 11, fg: DarkGray, bg: Black, underline: Reset, modifier: NONE,
        x: 5, y: 11, fg: Reset, bg: Black, underline: Reset, modifier: NONE,
        x: 14, y: 11, fg: Reset, bg: Reset, underline: Reset, modifier: NONE,
        x: 55, y: 11, fg: Reset, bg: Black, underline: Reset, modifier: NONE,
        x: 4, y: 12, fg: DarkGray, bg: Black, underline: Reset, modifier: NONE,
        x: 5, y: 12, fg: Reset, bg: Black, underline: Reset, modifier: NONE,
        x: 4, y: 13, fg: DarkGray, bg: Black, underline: Reset, modifier: NONE,
        x: 5, y: 13, fg: Reset, bg: Black, underline: Reset, modifier: NONE,
        x: 4, y: 14, fg: DarkGray, bg: Black, underline: Reset, modifier: NONE,
        x: 5, y: 14, fg: Reset, bg: Black, underline: Reset, modifier: NONE,
        x: 4, y: 15, fg: DarkGray, bg: Black, underline: Reset, modifier: NONE,
    ]
}
