---
source: crates/products/wt/client/src/shell/world_card.rs
assertion_line: 422
expression: "rendered_card(&world, &panes, 52)"
---
┌ 󰐊 RUNNING ─────────────────────────────── … Menu ┐
│ars.clever-turtle                                 │
│2 CPU · 4G · 6G/32G disk                          │
│Codex wt-host:%1 · CHANGING                       │
│Codex wt-host:%2 · CHANGING                       │
│Codex wt-host:%3 · CHANGING                       │
│Codex wt-host:%4 · CHANGING                       │
│Codex wt-host:%5 · CHANGING                       │
│Codex +3 more panes                               │
├─ Action history ─────────────────────────────────┤
│wtg: opened PR #250 for wt/world-card-action-log …│
│Git: pushed wt/world-card-action-log to github.co…│
│wtg: checked CI · github.com/lucasavila00/wt      │
│Git: fetched from github.com/lucasavila00/wt      │
│wtg: commented on PR #250 · github.com/lucasavila…│
└──────────────────────────────────────────────────┘
