---
source: crates/products/agent-tools/tools/src/api/github/tests/cli_output.rs
expression: "serde_json::to_string_pretty(&value).unwrap()"
---
{
  "data": {
    "author": "agent",
    "body": "**Comment from a WT world agent**\n\nDone.",
    "created_at": "2026-08-23T10:00:00Z",
    "handle": "124",
    "updated_at": "2026-08-23T10:00:00Z",
    "url": "https://github.test/acme/widget/pull/7#issuecomment-124"
  },
  "type": "general_comment"
}
