---
source: crates/products/agent-tools/gateway/src/gateway/tests.rs
assertion_line: 39
expression: "git_context_header(\"git@github.com:group/project.git\")"
---
remote: This is a WT-managed development environment for a coding agent.
remote: The gateway does not expose developer SSH keys or provider credentials.
remote: Do not look for credentials or use gh or glab.
remote: WT gives you read access to every repository available to this gateway.
remote: This Git operation is for project group/project.
remote: Use normal Git for commits, fetches, pulls, and pushes.
remote: Every WT world can write branches under wt/.
remote: wt-tools uses explicit provider resource types and IDs; it does not infer
remote: resources from the current checkout.
remote: Run wt-tools --help to discover every available command.
remote:
