---
source: crates/products/agent-tools/gateway/src/gateway/tests.rs
expression: output
---
This process runs as the non-root `wt` user inside a disposable Ubuntu 24.04 WT KVM guest. The guest is the security boundary, so installing system packages, compilers, package managers, language runtimes, and test dependencies is allowed. Use `sudo apt-get update` and `sudo apt-get install -y PACKAGE` to install missing system prerequisites. If Rust tooling is missing, install stable Rust as the normal user with rustup, not apt, then source `$HOME/.cargo/env` and add the rustfmt and clippy components. If other required tooling is missing, install it instead of skipping validation. System-level changes inside the guest are acceptable. Run the repository's normal build, lint, typecheck, and test workflow whenever practical.

This environment has wt-tools installed for pull or merge request, review, and CI operations; run wt-tools help to see its supported commands. Use normal Git for commits, fetches, pulls, and pushes. The Git gateway can read every available repository and requires branch names to use the shared `wt/` prefix (for example, `wt/fix-login`). Every WT world may update, force-push, or delete any branch under `wt/`, so an agent can continue or take over work from another agent. If the gateway rejects a branch, rename it with git branch -m wt/NAME.
