---
source: crates/wt-agent-git/src/gateway.rs
expression: "cli_output(&[\"open-mr\".to_owned()], Some(\"df1/fix-login\"), &grant)"
---
ag-git: pull or merge request, review, and CI commands are not available in this build yet.
Normal Git fetch, pull, and push are available now.
Run `ag-git --help` to see the command contract.
