---
source: crates/products/wt/client/src/create/form.rs
expression: terminal.backend().buffer()
---
Buffer {
    area: Rect { x: 0, y: 0, width: 84, height: 22 },
    content: [
        "                                                                                    ",
        " ┌Create world────────────────────────────────────────────────────────────────────┐ ",
        " │ › Context         ‹ local ›                                                    │ ",
        " │   World name      beagle                                                       │ ",
        " │   Virtual CPUs    2 (default)                                                  │ ",
        " │   RAM (MiB)       4096 (default)                                               │ ",
        " │   Disk (GiB)      32 (default)                                                 │ ",
        " │                                                                                │ ",
        " │ Git author  Test User <test@example.com>                                       │ ",
        " │ SSH keys    1 discovered                                                       │ ",
        " │                                                                                │ ",
        " │                                                                                │ ",
        " │                                                                                │ ",
        " │                                                                                │ ",
        " │                                                                                │ ",
        " │                                                                                │ ",
        " │                                                                                │ ",
        " │                                                                                │ ",
        " │                                                                                │ ",
        " │ ↑/↓ or Tab/Shift-Tab focus · ←/→ select · Enter continue · Esc cancel          │ ",
        " └────────────────────────────────────────────────────────────────────────────────┘ ",
        "                                                                                    ",
    ],
    styles: [
        x: 0, y: 0, fg: Reset, bg: Reset, underline: Reset, modifier: NONE,
        x: 5, y: 2, fg: Reset, bg: Reset, underline: Reset, modifier: DIM,
        x: 21, y: 2, fg: Reset, bg: Reset, underline: Reset, modifier: REVERSED,
        x: 30, y: 2, fg: Reset, bg: Reset, underline: Reset, modifier: NONE,
        x: 5, y: 3, fg: Reset, bg: Reset, underline: Reset, modifier: DIM,
        x: 21, y: 3, fg: Reset, bg: Reset, underline: Reset, modifier: NONE,
        x: 5, y: 4, fg: Reset, bg: Reset, underline: Reset, modifier: DIM,
        x: 21, y: 4, fg: Reset, bg: Reset, underline: Reset, modifier: NONE,
        x: 5, y: 5, fg: Reset, bg: Reset, underline: Reset, modifier: DIM,
        x: 21, y: 5, fg: Reset, bg: Reset, underline: Reset, modifier: NONE,
        x: 5, y: 6, fg: Reset, bg: Reset, underline: Reset, modifier: DIM,
        x: 21, y: 6, fg: Reset, bg: Reset, underline: Reset, modifier: NONE,
        x: 3, y: 8, fg: Reset, bg: Reset, underline: Reset, modifier: DIM,
        x: 81, y: 8, fg: Reset, bg: Reset, underline: Reset, modifier: NONE,
        x: 3, y: 9, fg: Reset, bg: Reset, underline: Reset, modifier: DIM,
        x: 81, y: 9, fg: Reset, bg: Reset, underline: Reset, modifier: NONE,
        x: 3, y: 10, fg: Reset, bg: Reset, underline: Reset, modifier: DIM,
        x: 81, y: 10, fg: Reset, bg: Reset, underline: Reset, modifier: NONE,
        x: 3, y: 11, fg: Reset, bg: Reset, underline: Reset, modifier: DIM,
        x: 81, y: 11, fg: Reset, bg: Reset, underline: Reset, modifier: NONE,
        x: 3, y: 12, fg: Reset, bg: Reset, underline: Reset, modifier: DIM,
        x: 81, y: 12, fg: Reset, bg: Reset, underline: Reset, modifier: NONE,
        x: 3, y: 13, fg: Reset, bg: Reset, underline: Reset, modifier: DIM,
        x: 81, y: 13, fg: Reset, bg: Reset, underline: Reset, modifier: NONE,
        x: 3, y: 14, fg: Reset, bg: Reset, underline: Reset, modifier: DIM,
        x: 81, y: 14, fg: Reset, bg: Reset, underline: Reset, modifier: NONE,
        x: 3, y: 15, fg: Reset, bg: Reset, underline: Reset, modifier: DIM,
        x: 81, y: 15, fg: Reset, bg: Reset, underline: Reset, modifier: NONE,
        x: 3, y: 16, fg: Reset, bg: Reset, underline: Reset, modifier: DIM,
        x: 81, y: 16, fg: Reset, bg: Reset, underline: Reset, modifier: NONE,
        x: 3, y: 17, fg: Reset, bg: Reset, underline: Reset, modifier: DIM,
        x: 81, y: 17, fg: Reset, bg: Reset, underline: Reset, modifier: NONE,
        x: 3, y: 19, fg: Reset, bg: Reset, underline: Reset, modifier: DIM,
        x: 81, y: 19, fg: Reset, bg: Reset, underline: Reset, modifier: NONE,
    ]
}
