---
source: crates/wt-server-setup/src/install_input.rs
expression: text
---
version = 1

[image]
installed_path = "/var/lib/wt/images/wt.qcow2"

[libvirt]
network = "default"
worlds_dir = "/var/lib/libvirt/images/wt"

[registry_cache]
state_dir = "/var/lib/wt/registry-cache"
port = 3128
max_size_gib = 64
registries = ["docker.io"]

[git]
known_hosts_file = "/tmp/wt-test-git-known-hosts"

[guest]
boot_timeout_seconds = 300
recipe_timeout_seconds = 900

[install]
binary_dir = "/usr/local/bin"
