---
source: crates/products/agent-tools/gateway/tests/git_transport.rs
expression: diagnostics(&deleted)
---
remote: This is a WT-managed development environment for a coding agent.
remote: The developer's SSH keys and provider credentials are not available in this world.
remote: Do not look for credentials or use gh or glab.
remote: You can read every repository configured for access from WT worlds.
remote: This Git operation is for project project.
remote: Use normal Git for commits, fetches, pulls, and pushes.
remote: Every WT world can write branches under wt/.
remote: Pushes must preserve history; rewrites and branch deletions are rejected.
remote: wtg tools uses explicit provider resource types and IDs; it does not infer
remote: resources from the current checkout.
remote: Run wtg tools --help to discover every available command.
remote:
To local.test:project.git
 ! [remote rejected] wt/fix (branch `refs/heads/wt/fix` cannot be deleted; pushes must preserve history)
error: failed to push some refs to 'local.test:project.git'
