---
source: crates/wt-libvirt/src/worker/world.rs
expression: test_domain_xml(None)
---
<domain type='kvm'>
  <name>wt-0123456789abcdef0123456789abcdef</name>
  <memory unit='MiB'>4096</memory>
  <vcpu>4</vcpu>
  <os firmware='efi'>
    <type arch='x86_64' machine='q35'>hvm</type>
    <firmware><feature enabled='no' name='secure-boot'/></firmware>
  </os>
  <features><acpi/><apic/></features>
  <cpu mode='host-passthrough' check='none'/>
  <clock offset='utc'/>
  <on_poweroff>destroy</on_poweroff>
  <on_reboot>restart</on_reboot>
  <on_crash>destroy</on_crash>
  <devices>
    <disk type='file' device='disk'>
      <driver name='qemu' type='qcow2'/>
      <source file='/var/lib/libvirt/images/wt/disks/world &amp; head.qcow2'/>
      <target dev='vda' bus='virtio'/>
    </disk>
    <disk type='file' device='cdrom'>
      <driver name='qemu' type='raw'/>
      <source file='/var/lib/libvirt/images/wt/wt-0123456789abcdef0123456789abcdef/seed.img'/>
      <target dev='sda' bus='sata'/>
      <readonly/>
    </disk>
    <interface type='network'>
      <mac address='52:54:00:01:23:45'/>
      <source network='default &amp; private'/>
      <model type='virtio'/>
    </interface>
    <channel type='unix'>
      <target type='virtio' name='org.qemu.guest_agent.0'/>
    </channel>
    <vsock model='virtio'><cid auto='yes'/></vsock>
    <serial type='pty'><target port='0'/></serial>
    <console type='pty'><target type='serial' port='0'/></console>
    <rng model='virtio'><backend model='random'>/dev/urandom</backend></rng>
  </devices>
</domain>
