---
source: crates/wt-agent-git/src/gateway/tests.rs
assertion_line: 187
expression: "service::push_rejection_message(&PushViolation::Unauthorized {\n    reference: \"refs/heads/fix-login\".to_owned()\n})"
---
branch `fix-login` must use the shared `wt/` prefix; rename it with `git branch -m wt/NAME`
