---
source: crates/products/wt/server-installer/src/install_input.rs
assertion_line: 253
expression: text
---
version = 1

[image]
path = "/var/lib/wt/images/retained.qcow2"

[libvirt]
network = "default"
worlds_dir = "/var/lib/libvirt/images/wt"

[registry_cache]
state_dir = "/var/lib/wt/registry-cache"
port = 3128
max_size_gib = 64
registries = ["docker.io"]

[agent_tools]
vsock_port = 18017

[agent_tools.github]
host = "github.com"

[guest]
boot_timeout_seconds = 300
recipe_timeout_seconds = 900

[install]
binary_dir = "/usr/local/bin"
